2026-04-05 14:19:12 - Ошибка оформления заказа: Товара 'Ароматизаторы сладкие Del’Ar' недостаточно в наличии. Доступно: 10, запрошено: 11 - IP: 192.168.0.109
